// Jest Snapshot v1, https://goo.gl/fbAQLP

exports[`Student when user is logged, show name user 1`] = `
<div
  className="MuiContainer-root MuiContainer-maxWidthLg"
>
  <div
    className="MuiGrid-root makeStyles-root-1 MuiGrid-container MuiGrid-spacing-xs-3 MuiGrid-justify-content-xs-center"
  >
    <div
      className="MuiGrid-root makeStyles-cardUser-8 MuiGrid-item MuiGrid-grid-xs-12 MuiGrid-grid-sm-3"
    >
      <div
        className="MuiPaper-root MuiCard-root MuiPaper-elevation1 MuiPaper-rounded"
      >
        <div
          className="MuiCardContent-root"
        >
          <div
            className="MuiGrid-root makeStyles-containerUser-6 MuiGrid-container"
          >
            <div
              className="MuiAvatar-root MuiAvatar-circular makeStyles-avatar-4 MuiAvatar-colorDefault"
            >
              <div
                className="MuiGrid-root makeStyles-containerIconUser-7 MuiGrid-item"
              >
                <svg
                  className="makeStyles-iconUser-3"
                  fill="currentColor"
                  height="1em"
                  stroke="currentColor"
                  strokeWidth="0"
                  style={
                    Object {
                      "color": undefined,
                    }
                  }
                  viewBox="0 0 448 512"
                  width="1em"
                  xmlns="http://www.w3.org/2000/svg"
                >
                  <path
                    d="M224 256c70.7 0 128-57.3 128-128S294.7 0 224 0 96 57.3 96 128s57.3 128 128 128zm89.6 32h-16.7c-22.2 10.2-46.9 16-72.9 16s-50.6-5.8-72.9-16h-16.7C60.2 288 0 348.2 0 422.4V464c0 26.5 21.5 48 48 48h352c26.5 0 48-21.5 48-48v-41.6c0-74.2-60.2-134.4-134.4-134.4z"
                  />
                </svg>
              </div>
            </div>
            <h6
              className="MuiTypography-root makeStyles-nameUser-10 MuiTypography-h6"
              data-testid="name-user"
            >
              <strong>
                Erica Gerez
              </strong>
            </h6>
            <p
              className="MuiTypography-root MuiTypography-body2"
            >
              erica.gerez@alu.edu.unq.com.ar
            </p>
          </div>
        </div>
      </div>
    </div>
    <div
      className="MuiGrid-root MuiGrid-item MuiGrid-grid-xs-12 MuiGrid-grid-sm-9"
    >
      <div
        className="MuiGrid-root MuiGrid-item MuiGrid-grid-xs-12"
      >
        <h5
          className="MuiTypography-root makeStyles-title-2 MuiTypography-h5"
        >
           
          <strong>
            Reservas registradas
          </strong>
        </h5>
      </div>
      <div
        className="MuiPaper-root MuiCard-root makeStyles-cardBookings-9 MuiPaper-elevation1 MuiPaper-rounded"
      >
        <div
          className="MuiCardContent-root"
        >
          <div
            className="MuiGrid-root MuiGrid-container MuiGrid-spacing-xs-3"
          >
            <div
              className="MuiGrid-root MuiGrid-item MuiGrid-grid-xs-12 MuiGrid-grid-sm-12"
            >
              <div
                className="MuiGrid-root MuiGrid-container MuiGrid-justify-content-xs-center"
              >
                <p
                  className="MuiTypography-root MuiTypography-body2"
                >
                  Sin reservas
                </p>
              </div>
            </div>
          </div>
        </div>
      </div>
      <div
        className="MuiGrid-root MuiGrid-container"
      >
        <div
          className="MuiGrid-root makeStyles-containerFilter-19 MuiGrid-container"
        >
          <div
            className="MuiGrid-root MuiGrid-item MuiGrid-grid-xs-12 MuiGrid-grid-sm-3"
          >
            <div
              className="MuiFormControl-root MuiTextField-root MuiFormControl-marginNormal"
            >
              <label
                className="MuiFormLabel-root MuiInputLabel-root MuiInputLabel-formControl MuiInputLabel-animated"
                data-shrink={false}
                htmlFor="filterDate"
                id="filterDate-label"
                style={
                  Object {
                    "fontSize": 15,
                  }
                }
              >
                Filtrar por fecha
              </label>
              <div
                className="MuiInputBase-root MuiInput-root MuiInput-underline MuiInputBase-formControl MuiInput-formControl MuiInputBase-adornedEnd"
                onClick={[Function]}
              >
                <input
                  aria-invalid={false}
                  autoFocus={false}
                  className="MuiInputBase-input MuiInput-input MuiInputBase-inputAdornedEnd"
                  disabled={false}
                  id="filterDate"
                  onAnimationStart={[Function]}
                  onBlur={[Function]}
                  onChange={[Function]}
                  onFocus={[Function]}
                  required={false}
                  type="text"
                  value=""
                />
                <div
                  className="MuiInputAdornment-root MuiInputAdornment-positionEnd"
                >
                  <button
                    aria-label="change date"
                    className="MuiButtonBase-root MuiIconButton-root"
                    disabled={false}
                    onBlur={[Function]}
                    onClick={[Function]}
                    onDragLeave={[Function]}
                    onFocus={[Function]}
                    onKeyDown={[Function]}
                    onKeyUp={[Function]}
                    onMouseDown={[Function]}
                    onMouseLeave={[Function]}
                    onMouseUp={[Function]}
                    onTouchEnd={[Function]}
                    onTouchMove={[Function]}
                    onTouchStart={[Function]}
                    tabIndex={0}
                    type="button"
                  >
                    <span
                      className="MuiIconButton-label"
                    >
                      <svg
                        aria-hidden={true}
                        className="MuiSvgIcon-root"
                        focusable="false"
                        viewBox="0 0 24 24"
                      >
                        <path
                          d="M17 12h-5v5h5v-5zM16 1v2H8V1H6v2H5c-1.11 0-1.99.9-1.99 2L3 19c0 1.1.89 2 2 2h14c1.1 0 2-.9 2-2V5c0-1.1-.9-2-2-2h-1V1h-2zm3 18H5V8h14v11z"
                        />
                        <path
                          d="M0 0h24v24H0z"
                          fill="none"
                        />
                      </svg>
                    </span>
                  </button>
                </div>
              </div>
              
            </div>
          </div>
          <div
            className="MuiGrid-root makeStyles-marginTop-14 MuiGrid-item MuiGrid-grid-xs-12 MuiGrid-grid-sm-3"
          >
            <div
              className="MuiFormControl-root MuiTextField-root makeStyles-width-16"
            >
              <label
                className="MuiFormLabel-root MuiInputLabel-root MuiInputLabel-formControl MuiInputLabel-animated"
                data-shrink={false}
                htmlFor="filterdDesk"
                id="filterdDesk-label"
                style={
                  Object {
                    "fontSize": 15,
                  }
                }
              >
                Filtrar por escritorio
              </label>
              <div
                className="MuiInputBase-root MuiInput-root MuiInput-underline MuiInputBase-formControl MuiInput-formControl"
                onClick={[Function]}
                shrink={true}
              >
                <input
                  aria-invalid={false}
                  autoFocus={false}
                  className="MuiInputBase-input MuiInput-input"
                  disabled={false}
                  id="filterdDesk"
                  max={null}
                  min={1}
                  onAnimationStart={[Function]}
                  onBlur={[Function]}
                  onChange={[Function]}
                  onFocus={[Function]}
                  required={false}
                  type="number"
                  value={null}
                />
              </div>
            </div>
          </div>
          <div
            className="MuiGrid-root makeStyles-marginTop-14 MuiGrid-item MuiGrid-grid-xs-12 MuiGrid-grid-sm-3"
          >
            <div
              className="MuiFormControl-root MuiTextField-root makeStyles-width-16"
            >
              <label
                className="MuiFormLabel-root MuiInputLabel-root MuiInputLabel-formControl MuiInputLabel-animated"
                data-shrink={false}
                htmlFor="filterdSeat"
                id="filterdSeat-label"
                style={
                  Object {
                    "fontSize": 15,
                  }
                }
              >
                Filtrar por asiento
              </label>
              <div
                className="MuiInputBase-root MuiInput-root MuiInput-underline MuiInputBase-formControl MuiInput-formControl"
                onClick={[Function]}
                shrink={true}
              >
                <input
                  aria-invalid={false}
                  autoFocus={false}
                  className="MuiInputBase-input MuiInput-input"
                  disabled={false}
                  id="filterdSeat"
                  max={null}
                  min={1}
                  onAnimationStart={[Function]}
                  onBlur={[Function]}
                  onChange={[Function]}
                  onFocus={[Function]}
                  required={false}
                  type="number"
                  value={null}
                />
              </div>
            </div>
          </div>
          <div
            className="MuiGrid-root makeStyles-clearFilter-18 MuiGrid-item MuiGrid-grid-xs-1 MuiGrid-grid-sm-1"
          >
            <button
              aria-haspopup="true"
              className="MuiButtonBase-root MuiIconButton-root MuiIconButton-colorInherit"
              disabled={false}
              onBlur={[Function]}
              onClick={[Function]}
              onDragLeave={[Function]}
              onFocus={[Function]}
              onKeyDown={[Function]}
              onKeyUp={[Function]}
              onMouseDown={[Function]}
              onMouseLeave={[Function]}
              onMouseUp={[Function]}
              onTouchEnd={[Function]}
              onTouchMove={[Function]}
              onTouchStart={[Function]}
              tabIndex={0}
              type="button"
            >
              <span
                className="MuiIconButton-label"
              >
                <svg
                  aria-hidden={true}
                  className="MuiSvgIcon-root"
                  focusable="false"
                  viewBox="0 0 24 24"
                >
                  <path
                    d="M5 13h14v-2H5v2zm-2 4h14v-2H3v2zM7 7v2h14V7H7z"
                  />
                </svg>
              </span>
            </button>
          </div>
        </div>
        <div
          className="MuiGrid-root makeStyles-accordion-12 MuiGrid-item MuiGrid-grid-xs-12 MuiGrid-grid-sm-12"
        >
          <div
            className="MuiPaper-root MuiAccordion-root Mui-expanded MuiAccordion-rounded MuiPaper-elevation1 MuiPaper-rounded"
          >
            <div
              aria-controls="panel1a-content"
              aria-disabled={false}
              aria-expanded={true}
              className="MuiButtonBase-root MuiAccordionSummary-root Mui-expanded"
              id="panel1a-header"
              onBlur={[Function]}
              onClick={[Function]}
              onDragLeave={[Function]}
              onFocus={[Function]}
              onKeyDown={[Function]}
              onKeyUp={[Function]}
              onMouseDown={[Function]}
              onMouseLeave={[Function]}
              onMouseUp={[Function]}
              onTouchEnd={[Function]}
              onTouchMove={[Function]}
              onTouchStart={[Function]}
              role="button"
              tabIndex={0}
            >
              <div
                className="MuiAccordionSummary-content Mui-expanded"
              >
                <p
                  className="MuiTypography-root MuiTypography-body1"
                >
                  <strong>
                    Históricos
                  </strong>
                </p>
              </div>
              <div
                aria-disabled={false}
                aria-hidden={true}
                className="MuiButtonBase-root MuiIconButton-root MuiAccordionSummary-expandIcon Mui-expanded MuiIconButton-edgeEnd"
                onBlur={[Function]}
                onDragLeave={[Function]}
                onFocus={[Function]}
                onKeyDown={[Function]}
                onKeyUp={[Function]}
                onMouseDown={[Function]}
                onMouseLeave={[Function]}
                onMouseUp={[Function]}
                onTouchEnd={[Function]}
                onTouchMove={[Function]}
                onTouchStart={[Function]}
                role={null}
                tabIndex={null}
              >
                <span
                  className="MuiIconButton-label"
                >
                  <svg
                    aria-hidden={true}
                    className="MuiSvgIcon-root"
                    focusable="false"
                    viewBox="0 0 24 24"
                  >
                    <path
                      d="M16.59 8.59L12 13.17 7.41 8.59 6 10l6 6 6-6z"
                    />
                  </svg>
                </span>
              </div>
            </div>
            <div
              className="MuiCollapse-root MuiCollapse-entered"
              style={
                Object {
                  "minHeight": "0px",
                }
              }
            >
              <div
                className="MuiCollapse-wrapper"
              >
                <div
                  className="MuiCollapse-wrapperInner"
                >
                  <div
                    aria-labelledby="panel1a-header"
                    id="panel1a-content"
                    role="region"
                  >
                    <div
                      className="MuiAccordionDetails-root makeStyles-accordionDetails-13"
                    >
                      <div
                        className="MuiGrid-root MuiGrid-container MuiGrid-justify-content-xs-center"
                      >
                        <p
                          className="MuiTypography-root MuiTypography-body2"
                        >
                          Sin reservas
                        </p>
                      </div>
                      <nav
                        aria-label="pagination navigation"
                        className="MuiPagination-root makeStyles-pagination-17"
                      >
                        <ul
                          className="MuiPagination-ul"
                        >
                          <li>
                            <button
                              aria-label="Go to first page"
                              className="MuiButtonBase-root MuiPaginationItem-root MuiPaginationItem-page MuiPaginationItem-textPrimary Mui-disabled MuiPaginationItem-sizeSmall Mui-disabled"
                              disabled={true}
                              onBlur={[Function]}
                              onClick={[Function]}
                              onDragLeave={[Function]}
                              onFocus={[Function]}
                              onKeyDown={[Function]}
                              onKeyUp={[Function]}
                              onMouseDown={[Function]}
                              onMouseLeave={[Function]}
                              onMouseUp={[Function]}
                              onTouchEnd={[Function]}
                              onTouchMove={[Function]}
                              onTouchStart={[Function]}
                              tabIndex={-1}
                              type="button"
                            >
                              <svg
                                aria-hidden={true}
                                className="MuiSvgIcon-root MuiPaginationItem-icon"
                                focusable="false"
                                viewBox="0 0 24 24"
                              >
                                <path
                                  d="M18.41 16.59L13.82 12l4.59-4.59L17 6l-6 6 6 6zM6 6h2v12H6z"
                                />
                              </svg>
                            </button>
                          </li>
                          <li>
                            <button
                              aria-label="Go to previous page"
                              className="MuiButtonBase-root MuiPaginationItem-root MuiPaginationItem-page MuiPaginationItem-textPrimary Mui-disabled MuiPaginationItem-sizeSmall Mui-disabled"
                              disabled={true}
                              onBlur={[Function]}
                              onClick={[Function]}
                              onDragLeave={[Function]}
                              onFocus={[Function]}
                              onKeyDown={[Function]}
                              onKeyUp={[Function]}
                              onMouseDown={[Function]}
                              onMouseLeave={[Function]}
                              onMouseUp={[Function]}
                              onTouchEnd={[Function]}
                              onTouchMove={[Function]}
                              onTouchStart={[Function]}
                              tabIndex={-1}
                              type="button"
                            >
                              <svg
                                aria-hidden={true}
                                className="MuiSvgIcon-root MuiPaginationItem-icon"
                                focusable="false"
                                viewBox="0 0 24 24"
                              >
                                <path
                                  d="M15.41 7.41L14 6l-6 6 6 6 1.41-1.41L10.83 12z"
                                />
                              </svg>
                            </button>
                          </li>
                          <li>
                            <button
                              aria-label="Go to next page"
                              className="MuiButtonBase-root MuiPaginationItem-root MuiPaginationItem-page MuiPaginationItem-textPrimary Mui-disabled MuiPaginationItem-sizeSmall Mui-disabled"
                              disabled={true}
                              onBlur={[Function]}
                              onClick={[Function]}
                              onDragLeave={[Function]}
                              onFocus={[Function]}
                              onKeyDown={[Function]}
                              onKeyUp={[Function]}
                              onMouseDown={[Function]}
                              onMouseLeave={[Function]}
                              onMouseUp={[Function]}
                              onTouchEnd={[Function]}
                              onTouchMove={[Function]}
                              onTouchStart={[Function]}
                              tabIndex={-1}
                              type="button"
                            >
                              <svg
                                aria-hidden={true}
                                className="MuiSvgIcon-root MuiPaginationItem-icon"
                                focusable="false"
                                viewBox="0 0 24 24"
                              >
                                <path
                                  d="M10 6L8.59 7.41 13.17 12l-4.58 4.59L10 18l6-6z"
                                />
                              </svg>
                            </button>
                          </li>
                          <li>
                            <button
                              aria-label="Go to last page"
                              className="MuiButtonBase-root MuiPaginationItem-root MuiPaginationItem-page MuiPaginationItem-textPrimary Mui-disabled MuiPaginationItem-sizeSmall Mui-disabled"
                              disabled={true}
                              onBlur={[Function]}
                              onClick={[Function]}
                              onDragLeave={[Function]}
                              onFocus={[Function]}
                              onKeyDown={[Function]}
                              onKeyUp={[Function]}
                              onMouseDown={[Function]}
                              onMouseLeave={[Function]}
                              onMouseUp={[Function]}
                              onTouchEnd={[Function]}
                              onTouchMove={[Function]}
                              onTouchStart={[Function]}
                              tabIndex={-1}
                              type="button"
                            >
                              <svg
                                aria-hidden={true}
                                className="MuiSvgIcon-root MuiPaginationItem-icon"
                                focusable="false"
                                viewBox="0 0 24 24"
                              >
                                <path
                                  d="M5.59 7.41L10.18 12l-4.59 4.59L7 18l6-6-6-6zM16 6h2v12h-2z"
                                />
                              </svg>
                            </button>
                          </li>
                        </ul>
                      </nav>
                    </div>
                  </div>
                </div>
              </div>
            </div>
          </div>
        </div>
      </div>
    </div>
  </div>
</div>
`;
